Archive member included to satisfy reference by file (symbol)

c:/st/stm32cubeide_1.5.0/stm32cubeide/plugins/com.st.stm32cube.ide.mcu.externaltools.gnu-tools-for-stm32.7-2018-q2-update.win32_1.5.0.202011040924/tools/bin/../lib/gcc/arm-none-eabi/7.3.1/../../../../arm-none-eabi/lib/thumb/v6-m\libc_nano.a(lib_a-errno.o)
                              Core/Src/syscalls.o (__errno)
c:/st/stm32cubeide_1.5.0/stm32cubeide/plugins/com.st.stm32cube.ide.mcu.externaltools.gnu-tools-for-stm32.7-2018-q2-update.win32_1.5.0.202011040924/tools/bin/../lib/gcc/arm-none-eabi/7.3.1/../../../../arm-none-eabi/lib/thumb/v6-m\libc_nano.a(lib_a-exit.o)
                              c:/st/stm32cubeide_1.5.0/stm32cubeide/plugins/com.st.stm32cube.ide.mcu.externaltools.gnu-tools-for-stm32.7-2018-q2-update.win32_1.5.0.202011040924/tools/bin/../lib/gcc/arm-none-eabi/7.3.1/../../../../arm-none-eabi/lib/thumb/v6-m/crt0.o (exit)
c:/st/stm32cubeide_1.5.0/stm32cubeide/plugins/com.st.stm32cube.ide.mcu.externaltools.gnu-tools-for-stm32.7-2018-q2-update.win32_1.5.0.202011040924/tools/bin/../lib/gcc/arm-none-eabi/7.3.1/../../../../arm-none-eabi/lib/thumb/v6-m\libc_nano.a(lib_a-impure.o)
                              c:/st/stm32cubeide_1.5.0/stm32cubeide/plugins/com.st.stm32cube.ide.mcu.externaltools.gnu-tools-for-stm32.7-2018-q2-update.win32_1.5.0.202011040924/tools/bin/../lib/gcc/arm-none-eabi/7.3.1/../../../../arm-none-eabi/lib/thumb/v6-m\libc_nano.a(lib_a-exit.o) (_global_impure_ptr)
c:/st/stm32cubeide_1.5.0/stm32cubeide/plugins/com.st.stm32cube.ide.mcu.externaltools.gnu-tools-for-stm32.7-2018-q2-update.win32_1.5.0.202011040924/tools/bin/../lib/gcc/arm-none-eabi/7.3.1/../../../../arm-none-eabi/lib/thumb/v6-m\libc_nano.a(lib_a-init.o)
                              c:/st/stm32cubeide_1.5.0/stm32cubeide/plugins/com.st.stm32cube.ide.mcu.externaltools.gnu-tools-for-stm32.7-2018-q2-update.win32_1.5.0.202011040924/tools/bin/../lib/gcc/arm-none-eabi/7.3.1/../../../../arm-none-eabi/lib/thumb/v6-m/crt0.o (__libc_init_array)
c:/st/stm32cubeide_1.5.0/stm32cubeide/plugins/com.st.stm32cube.ide.mcu.externaltools.gnu-tools-for-stm32.7-2018-q2-update.win32_1.5.0.202011040924/tools/bin/../lib/gcc/arm-none-eabi/7.3.1/../../../../arm-none-eabi/lib/thumb/v6-m\libc_nano.a(lib_a-memset.o)
                              c:/st/stm32cubeide_1.5.0/stm32cubeide/plugins/com.st.stm32cube.ide.mcu.externaltools.gnu-tools-for-stm32.7-2018-q2-update.win32_1.5.0.202011040924/tools/bin/../lib/gcc/arm-none-eabi/7.3.1/../../../../arm-none-eabi/lib/thumb/v6-m/crt0.o (memset)
c:/st/stm32cubeide_1.5.0/stm32cubeide/plugins/com.st.stm32cube.ide.mcu.externaltools.gnu-tools-for-stm32.7-2018-q2-update.win32_1.5.0.202011040924/tools/bin/../lib/gcc/arm-none-eabi/7.3.1/../../../../arm-none-eabi/lib/thumb/v6-m\libm.a(lib_a-wf_log.o)
                              Drivers/DSP/Source/BayesFunctions/arm_gaussian_naive_bayes_predict_f32.o (logf)
c:/st/stm32cubeide_1.5.0/stm32cubeide/plugins/com.st.stm32cube.ide.mcu.externaltools.gnu-tools-for-stm32.7-2018-q2-update.win32_1.5.0.202011040924/tools/bin/../lib/gcc/arm-none-eabi/7.3.1/../../../../arm-none-eabi/lib/thumb/v6-m\libm.a(lib_a-ef_log.o)
                              c:/st/stm32cubeide_1.5.0/stm32cubeide/plugins/com.st.stm32cube.ide.mcu.externaltools.gnu-tools-for-stm32.7-2018-q2-update.win32_1.5.0.202011040924/tools/bin/../lib/gcc/arm-none-eabi/7.3.1/../../../../arm-none-eabi/lib/thumb/v6-m\libm.a(lib_a-wf_log.o) (__ieee754_logf)
c:/st/stm32cubeide_1.5.0/stm32cubeide/plugins/com.st.stm32cube.ide.mcu.externaltools.gnu-tools-for-stm32.7-2018-q2-update.win32_1.5.0.202011040924/tools/bin/../lib/gcc/arm-none-eabi/7.3.1/../../../../arm-none-eabi/lib/thumb/v6-m\libm.a(lib_a-s_lib_ver.o)
                              c:/st/stm32cubeide_1.5.0/stm32cubeide/plugins/com.st.stm32cube.ide.mcu.externaltools.gnu-tools-for-stm32.7-2018-q2-update.win32_1.5.0.202011040924/tools/bin/../lib/gcc/arm-none-eabi/7.3.1/../../../../arm-none-eabi/lib/thumb/v6-m\libm.a(lib_a-wf_log.o) (__fdlib_version)
c:/st/stm32cubeide_1.5.0/stm32cubeide/plugins/com.st.stm32cube.ide.mcu.externaltools.gnu-tools-for-stm32.7-2018-q2-update.win32_1.5.0.202011040924/tools/bin/../lib/gcc/arm-none-eabi/7.3.1/../../../../arm-none-eabi/lib/thumb/v6-m\libm.a(lib_a-s_matherr.o)
                              c:/st/stm32cubeide_1.5.0/stm32cubeide/plugins/com.st.stm32cube.ide.mcu.externaltools.gnu-tools-for-stm32.7-2018-q2-update.win32_1.5.0.202011040924/tools/bin/../lib/gcc/arm-none-eabi/7.3.1/../../../../arm-none-eabi/lib/thumb/v6-m\libm.a(lib_a-wf_log.o) (matherr)
c:/st/stm32cubeide_1.5.0/stm32cubeide/plugins/com.st.stm32cube.ide.mcu.externaltools.gnu-tools-for-stm32.7-2018-q2-update.win32_1.5.0.202011040924/tools/bin/../lib/gcc/arm-none-eabi/7.3.1/../../../../arm-none-eabi/lib/thumb/v6-m\libm.a(lib_a-s_nan.o)
[...]
Memory Configuration

Name             Origin             Length             Attributes
RAM              0x0000000020000000 0x0000000000005000 xrw
FLASH            0x0000000008000000 0x0000000000020000 xr
*default*        0x0000000000000000 0xffffffffffffffff

Linker script and memory map

LOAD c:/st/stm32cubeide_1.5.0/stm32cubeide/plugins/com.st.stm32cube.ide.mcu.externaltools.gnu-tools-for-stm32.7-2018-q2-update.win32_1.5.0.202011040924/tools/bin/../lib/gcc/arm-none-eabi/7.3.1/thumb/v6-m/crti.o
LOAD c:/st/stm32cubeide_1.5.0/stm32cubeide/plugins/com.st.stm32cube.ide.mcu.externaltools.gnu-tools-for-stm32.7-2018-q2-update.win32_1.5.0.202011040924/tools/bin/../lib/gcc/arm-none-eabi/7.3.1/thumb/v6-m/crtbegin.o
LOAD c:/st/stm32cubeide_1.5.0/stm32cubeide/plugins/com.st.stm32cube.ide.mcu.externaltools.gnu-tools-for-stm32.7-2018-q2-update.win32_1.5.0.202011040924/tools/bin/../lib/gcc/arm-none-eabi/7.3.1/../../../../arm-none-eabi/lib/thumb/v6-m/crt0.o
LOAD Core/Src/main.o
LOAD Core/Src/stm32l0xx_hal_msp.o
LOAD Core/Src/stm32l0xx_it.o
LOAD Core/Src/syscalls.o
LOAD Core/Src/sysmem.o
LOAD Core/Src/system_stm32l0xx.o
LOAD Core/Startup/startup_stm32l071cbtx.o
LOAD Drivers/DSP/Source/BayesFunctions/arm_gaussian_naive_bayes_predict_f32.o
LOAD Drivers/DSP/Source/arm_max_f32.o
LOAD Drivers/STM32L0xx_HAL_Driver/Src/stm32l0xx_hal.o
LOAD Drivers/STM32L0xx_HAL_Driver/Src/stm32l0xx_hal_cortex.o
LOAD Drivers/STM32L0xx_HAL_Driver/Src/stm32l0xx_hal_dma.o
LOAD Drivers/STM32L0xx_HAL_Driver/Src/stm32l0xx_hal_exti.o
LOAD Drivers/STM32L0xx_HAL_Driver/Src/stm32l0xx_hal_flash.o
LOAD Drivers/STM32L0xx_HAL_Driver/Src/stm32l0xx_hal_flash_ex.o
LOAD Drivers/STM32L0xx_HAL_Driver/Src/stm32l0xx_hal_flash_ramfunc.o
LOAD Drivers/STM32L0xx_HAL_Driver/Src/stm32l0xx_hal_gpio.o
LOAD Drivers/STM32L0xx_HAL_Driver/Src/stm32l0xx_hal_i2c.o
LOAD Drivers/STM32L0xx_HAL_Driver/Src/stm32l0xx_hal_i2c_ex.o
LOAD Drivers/STM32L0xx_HAL_Driver/Src/stm32l0xx_hal_pwr.o
LOAD Drivers/STM32L0xx_HAL_Driver/Src/stm32l0xx_hal_pwr_ex.o
LOAD Drivers/STM32L0xx_HAL_Driver/Src/stm32l0xx_hal_rcc.o
LOAD Drivers/STM32L0xx_HAL_Driver/Src/stm32l0xx_hal_rcc_ex.o
LOAD Drivers/STM32L0xx_HAL_Driver/Src/stm32l0xx_hal_rtc.o
LOAD Drivers/STM32L0xx_HAL_Driver/Src/stm32l0xx_hal_rtc_ex.o
LOAD Drivers/STM32L0xx_HAL_Driver/Src/stm32l0xx_hal_tim.o
LOAD Drivers/STM32L0xx_HAL_Driver/Src/stm32l0xx_hal_tim_ex.o
START GROUP
LOAD c:/st/stm32cubeide_1.5.0/stm32cubeide/plugins/com.st.stm32cube.ide.mcu.externaltools.gnu-tools-for-stm32.7-2018-q2-update.win32_1.5.0.202011040924/tools/bin/../lib/gcc/arm-none-eabi/7.3.1/../../../../arm-none-eabi/lib/thumb/v6-m\libc_nano.a
LOAD c:/st/stm32cubeide_1.5.0/stm32cubeide/plugins/com.st.stm32cube.ide.mcu.externaltools.gnu-tools-for-stm32.7-2018-q2-update.win32_1.5.0.202011040924/tools/bin/../lib/gcc/arm-none-eabi/7.3.1/../../../../arm-none-eabi/lib/thumb/v6-m\libm.a
END GROUP
START GROUP
LOAD c:/st/stm32cubeide_1.5.0/stm32cubeide/plugins/com.st.stm32cube.ide.mcu.externaltools.gnu-tools-for-stm32.7-2018-q2-update.win32_1.5.0.202011040924/tools/bin/../lib/gcc/arm-none-eabi/7.3.1/thumb/v6-m\libgcc.a
LOAD c:/st/stm32cubeide_1.5.0/stm32cubeide/plugins/com.st.stm32cube.ide.mcu.externaltools.gnu-tools-for-stm32.7-2018-q2-update.win32_1.5.0.202011040924/tools/bin/../lib/gcc/arm-none-eabi/7.3.1/../../../../arm-none-eabi/lib/thumb/v6-m\libc_nano.a
END GROUP
START GROUP
LOAD c:/st/stm32cubeide_1.5.0/stm32cubeide/plugins/com.st.stm32cube.ide.mcu.externaltools.gnu-tools-for-stm32.7-2018-q2-update.win32_1.5.0.202011040924/tools/bin/../lib/gcc/arm-none-eabi/7.3.1/thumb/v6-m\libgcc.a
LOAD c:/st/stm32cubeide_1.5.0/stm32cubeide/plugins/com.st.stm32cube.ide.mcu.externaltools.gnu-tools-for-stm32.7-2018-q2-update.win32_1.5.0.202011040924/tools/bin/../lib/gcc/arm-none-eabi/7.3.1/../../../../arm-none-eabi/lib/thumb/v6-m\libc_nano.a
LOAD c:/st/stm32cubeide_1.5.0/stm32cubeide/plugins/com.st.stm32cube.ide.mcu.externaltools.gnu-tools-for-stm32.7-2018-q2-update.win32_1.5.0.202011040924/tools/bin/../lib/gcc/arm-none-eabi/7.3.1/../../../../arm-none-eabi/lib/thumb/v6-m\libnosys.a
END GROUP
START GROUP
LOAD c:/st/stm32cubeide_1.5.0/stm32cubeide/plugins/com.st.stm32cube.ide.mcu.externaltools.gnu-tools-for-stm32.7-2018-q2-update.win32_1.5.0.202011040924/tools/bin/../lib/gcc/arm-none-eabi/7.3.1/thumb/v6-m\libgcc.a
LOAD c:/st/stm32cubeide_1.5.0/stm32cubeide/plugins/com.st.stm32cube.ide.mcu.externaltools.gnu-tools-for-stm32.7-2018-q2-update.win32_1.5.0.202011040924/tools/bin/../lib/gcc/arm-none-eabi/7.3.1/../../../../arm-none-eabi/lib/thumb/v6-m\libc_nano.a
LOAD c:/st/stm32cubeide_1.5.0/stm32cubeide/plugins/com.st.stm32cube.ide.mcu.externaltools.gnu-tools-for-stm32.7-2018-q2-update.win32_1.5.0.202011040924/tools/bin/../lib/gcc/arm-none-eabi/7.3.1/../../../../arm-none-eabi/lib/thumb/v6-m\libnosys.a
END GROUP
LOAD c:/st/stm32cubeide_1.5.0/stm32cubeide/plugins/com.st.stm32cube.ide.mcu.externaltools.gnu-tools-for-stm32.7-2018-q2-update.win32_1.5.0.202011040924/tools/bin/../lib/gcc/arm-none-eabi/7.3.1/thumb/v6-m/crtend.o
LOAD c:/st/stm32cubeide_1.5.0/stm32cubeide/plugins/com.st.stm32cube.ide.mcu.externaltools.gnu-tools-for-stm32.7-2018-q2-update.win32_1.5.0.202011040924/tools/bin/../lib/gcc/arm-none-eabi/7.3.1/thumb/v6-m/crtn.o
                0x0000000020005000                _estack = (ORIGIN (RAM) + LENGTH (RAM))
                0x0000000000000200                _Min_Heap_Size = 0x200
                0x0000000000000400                _Min_Stack_Size = 0x400

.isr_vector     0x0000000008000000       0xc0
                0x0000000008000000                . = ALIGN (0x4)
 *(.isr_vector)
 .isr_vector    0x0000000008000000       0xc0 Core/Startup/startup_stm32l071cbtx.o
                0x0000000008000000                g_pfnVectors
                0x00000000080000c0                . = ALIGN (0x4)

.text           0x00000000080000c0     0x1e70
                0x00000000080000c0                . = ALIGN (0x4)
 *(.text)
 .text          0x00000000080000c0       0x48 c:/st/stm32cubeide_1.5.0/stm32cubeide/plugins/com.st.stm32cube.ide.mcu.externaltools.gnu-tools-for-stm32.7-2018-q2-update.win32_1.5.0.202011040924/tools/bin/../lib/gcc/arm-none-eabi/7.3.1/thumb/v6-m/crtbegin.o
 .text          0x0000000008000108      0x114 c:/st/stm32cubeide_1.5.0/stm32cubeide/plugins/com.st.stm32cube.ide.mcu.externaltools.gnu-tools-for-stm32.7-2018-q2-update.win32_1.5.0.202011040924/tools/bin/../lib/gcc/arm-none-eabi/7.3.1/thumb/v6-m\libgcc.a(_udivsi3.o)
                0x0000000008000108                __aeabi_uidiv
                0x0000000008000108                __udivsi3
                0x0000000008000214                __aeabi_uidivmod
 .text          0x000000000800021c        0x4 c:/st/stm32cubeide_1.5.0/stm32cubeide/plugins/com.st.stm32cube.ide.mcu.externaltools.gnu-tools-for-stm32.7-2018-q2-update.win32_1.5.0.202011040924/tools/bin/../lib/gcc/arm-none-eabi/7.3.1/thumb/v6-m\libgcc.a(_dvmd_tls.o)
                0x000000000800021c                __aeabi_idiv0
                0x000000000800021c                __aeabi_ldiv0
 .text          0x0000000008000220       0x40 c:/st/stm32cubeide_1.5.0/stm32cubeide/plugins/com.st.stm32cube.ide.mcu.externaltools.gnu-tools-for-stm32.7-2018-q2-update.win32_1.5.0.202011040924/tools/bin/../lib/gcc/arm-none-eabi/7.3.1/thumb/v6-m\libgcc.a(_aeabi_uldivmod.o)
                0x0000000008000220                __aeabi_uldivmod
 .text          0x0000000008000260       0x54 c:/st/stm32cubeide_1.5.0/stm32cubeide/plugins/com.st.stm32cube.ide.mcu.externaltools.gnu-tools-for-stm32.7-2018-q2-update.win32_1.5.0.202011040924/tools/bin/../lib/gcc/arm-none-eabi/7.3.1/thumb/v6-m\libgcc.a(_muldi3.o)
                0x0000000008000260                __muldi3
                0x0000000008000260                __aeabi_lmul
 .text          0x00000000080002b4      0x184 c:/st/stm32cubeide_1.5.0/stm32cubeide/plugins/com.st.stm32cube.ide.mcu.externaltools.gnu-tools-for-stm32.7-2018-q2-update.win32_1.5.0.202011040924/tools/bin/../lib/gcc/arm-none-eabi/7.3.1/thumb/v6-m\libgcc.a(_udivmoddi4.o)
                0x00000000080002b4                __udivmoddi4
 .text          0x0000000008000438       0x3c c:/st/stm32cubeide_1.5.0/stm32cubeide/plugins/com.st.stm32cube.ide.mcu.externaltools.gnu-tools-for-stm32.7-2018-q2-update.win32_1.5.0.202011040924/tools/bin/../lib/gcc/arm-none-eabi/7.3.1/thumb/v6-m\libgcc.a(_clzsi2.o)
                0x0000000008000438                __clzsi2
 .text          0x0000000008000474       0x18 c:/st/stm32cubeide_1.5.0/stm32cubeide/plugins/com.st.stm32cube.ide.mcu.externaltools.gnu-tools-for-stm32.7-2018-q2-update.win32_1.5.0.202011040924/tools/bin/../lib/gcc/arm-none-eabi/7.3.1/thumb/v6-m\libgcc.a(_clzdi2.o)
                0x0000000008000474                __clzdi2
 *(.text*)
 .text.main     0x000000000800048c       0x40 Core/Src/main.o
                0x000000000800048c                main
 .text.SystemClock_Config
                0x00000000080004cc       0xe0 Core/Src/main.o
                0x00000000080004cc                SystemClock_Config
 .text.MX_RTC_Init
                0x00000000080005ac       0x7c Core/Src/main.o
 .text.MX_GPIO_Init
                0x0000000008000628       0x2c Core/Src/main.o
 .text.Error_Handler
                0x0000000008000654        0x8 Core/Src/main.o
                0x0000000008000654                Error_Handler
 .text.HAL_MspInit
                0x000000000800065c       0x28 Core/Src/stm32l0xx_hal_msp.o
                0x000000000800065c                HAL_MspInit
 .text.HAL_RTC_MspInit
                0x0000000008000684       0x6c Core/Src/stm32l0xx_hal_msp.o
                0x0000000008000684                HAL_RTC_MspInit
 .text.NMI_Handler
                0x00000000080006f0        0x6 Core/Src/stm32l0xx_it.o
                0x00000000080006f0                NMI_Handler
 .text.HardFault_Handler
                0x00000000080006f6        0x6 Core/Src/stm32l0xx_it.o
                0x00000000080006f6                HardFault_Handler
 .text.SVC_Handler
                0x00000000080006fc        0xa Core/Src/stm32l0xx_it.o
                0x00000000080006fc                SVC_Handler
 .text.PendSV_Handler
                0x0000000008000706        0xa Core/Src/stm32l0xx_it.o
                0x0000000008000706                PendSV_Handler
 .text.SysTick_Handler
                0x0000000008000710        0xe Core/Src/stm32l0xx_it.o
                0x0000000008000710                SysTick_Handler
 .text.SystemInit
                0x000000000800071e        0xa Core/Src/system_stm32l0xx.o
                0x000000000800071e                SystemInit
 .text.Reset_Handler
                0x0000000008000728       0x50 Core/Startup/startup_stm32l071cbtx.o
                0x0000000008000728                Reset_Handler
 .text.Default_Handler
                0x0000000008000778        0x2 Core/Startup/startup_stm32l071cbtx.o
                0x0000000008000778                ADC1_COMP_IRQHandler
                0x0000000008000778                TIM6_IRQHandler
                0x0000000008000778                PVD_IRQHandler
                0x0000000008000778                I2C1_IRQHandler
                0x0000000008000778                SPI1_IRQHandler
                0x0000000008000778                EXTI2_3_IRQHandler
                0x0000000008000778                I2C2_IRQHandler
                0x0000000008000778                RTC_IRQHandler
                0x0000000008000778                DMA1_Channel4_5_6_7_IRQHandler
                0x0000000008000778                TIM3_IRQHandler
                0x0000000008000778                EXTI4_15_IRQHandler
                0x0000000008000778                RCC_IRQHandler
                0x0000000008000778                DMA1_Channel1_IRQHandler
                0x0000000008000778                USART4_5_IRQHandler
                0x0000000008000778                Default_Handler
                0x0000000008000778                TIM22_IRQHandler
                0x0000000008000778                TIM7_IRQHandler
                0x0000000008000778                EXTI0_1_IRQHandler
                0x0000000008000778                I2C3_IRQHandler
                0x0000000008000778                SPI2_IRQHandler
                0x0000000008000778                TIM21_IRQHandler
                0x0000000008000778                WWDG_IRQHandler
                0x0000000008000778                LPUART1_IRQHandler
                0x0000000008000778                TIM2_IRQHandler
                0x0000000008000778                DMA1_Channel2_3_IRQHandler
                0x0000000008000778                USART2_IRQHandler
                0x0000000008000778                FLASH_IRQHandler
                0x0000000008000778                USART1_IRQHandler
                0x0000000008000778                LPTIM1_IRQHandler
 *fill*         0x000000000800077a        0x2 
 .text.HAL_Init
                0x000000000800077c       0x40 Drivers/STM32L0xx_HAL_Driver/Src/stm32l0xx_hal.o
                0x000000000800077c                HAL_Init
 .text.HAL_InitTick
                0x00000000080007bc       0x68 Drivers/STM32L0xx_HAL_Driver/Src/stm32l0xx_hal.o
                0x00000000080007bc                HAL_InitTick
 .text.HAL_IncTick
                0x0000000008000824       0x24 Drivers/STM32L0xx_HAL_Driver/Src/stm32l0xx_hal.o
                0x0000000008000824                HAL_IncTick
 .text.HAL_GetTick
                0x0000000008000848       0x14 Drivers/STM32L0xx_HAL_Driver/Src/stm32l0xx_hal.o
                0x0000000008000848                HAL_GetTick
 .text.HAL_SuspendTick
                0x000000000800085c       0x1c Drivers/STM32L0xx_HAL_Driver/Src/stm32l0xx_hal.o
                0x000000000800085c                HAL_SuspendTick
 .text.__NVIC_SetPriority
                0x0000000008000878       0xdc Drivers/STM32L0xx_HAL_Driver/Src/stm32l0xx_hal_cortex.o
 .text.SysTick_Config
                0x0000000008000954       0x48 Drivers/STM32L0xx_HAL_Driver/Src/stm32l0xx_hal_cortex.o
 .text.HAL_NVIC_SetPriority
                0x000000000800099c       0x2a Drivers/STM32L0xx_HAL_Driver/Src/stm32l0xx_hal_cortex.o
                0x000000000800099c                HAL_NVIC_SetPriority
 .text.HAL_SYSTICK_Config
                0x00000000080009c6       0x1a Drivers/STM32L0xx_HAL_Driver/Src/stm32l0xx_hal_cortex.o
                0x00000000080009c6                HAL_SYSTICK_Config
 .text.HAL_GPIO_Init
                0x00000000080009e0      0x2fc Drivers/STM32L0xx_HAL_Driver/Src/stm32l0xx_hal_gpio.o
                0x00000000080009e0                HAL_GPIO_Init
 .text.HAL_PWR_EnterSTOPMode
                0x0000000008000cdc       0xb8 Drivers/STM32L0xx_HAL_Driver/Src/stm32l0xx_hal_pwr.o
                0x0000000008000cdc                HAL_PWR_EnterSTOPMode
 .text.HAL_PWR_EnableSleepOnExit
                0x0000000008000d94       0x1c Drivers/STM32L0xx_HAL_Driver/Src/stm32l0xx_hal_pwr.o
                0x0000000008000d94                HAL_PWR_EnableSleepOnExit
 .text.HAL_RCC_OscConfig
                0x0000000008000db0      0x700 Drivers/STM32L0xx_HAL_Driver/Src/stm32l0xx_hal_rcc.o
                0x0000000008000db0                HAL_RCC_OscConfig
 .text.HAL_RCC_ClockConfig
                0x00000000080014b0      0x290 Drivers/STM32L0xx_HAL_Driver/Src/stm32l0xx_hal_rcc.o
                0x00000000080014b0                HAL_RCC_ClockConfig
 .text.HAL_RCC_GetSysClockFreq
                0x0000000008001740      0x144 Drivers/STM32L0xx_HAL_Driver/Src/stm32l0xx_hal_rcc.o
                0x0000000008001740                HAL_RCC_GetSysClockFreq
 .text.HAL_RCCEx_PeriphCLKConfig
                0x0000000008001884      0x28c Drivers/STM32L0xx_HAL_Driver/Src/stm32l0xx_hal_rcc_ex.o
                0x0000000008001884                HAL_RCCEx_PeriphCLKConfig
 .text.HAL_RTC_Init
                0x0000000008001b10      0x13c Drivers/STM32L0xx_HAL_Driver/Src/stm32l0xx_hal_rtc.o
                0x0000000008001b10                HAL_RTC_Init
 .text.HAL_RTC_WaitForSynchro
                0x0000000008001c4c       0x4e Drivers/STM32L0xx_HAL_Driver/Src/stm32l0xx_hal_rtc.o
                0x0000000008001c4c                HAL_RTC_WaitForSynchro
 .text.RTC_EnterInitMode
                0x0000000008001c9a       0x54 Drivers/STM32L0xx_HAL_Driver/Src/stm32l0xx_hal_rtc.o
                0x0000000008001c9a                RTC_EnterInitMode
 *fill*         0x0000000008001cee        0x2 
 .text.HAL_RTCEx_SetWakeUpTimer
                0x0000000008001cf0      0x140 Drivers/STM32L0xx_HAL_Driver/Src/stm32l0xx_hal_rtc_ex.o
                0x0000000008001cf0                HAL_RTCEx_SetWakeUpTimer
 .text.HAL_RTCEx_SetCalibrationOutPut
                0x0000000008001e30       0x90 Drivers/STM32L0xx_HAL_Driver/Src/stm32l0xx_hal_rtc_ex.o
                0x0000000008001e30                HAL_RTCEx_SetCalibrationOutPut
 .text.__libc_init_array
                0x0000000008001ec0       0x48 c:/st/stm32cubeide_1.5.0/stm32cubeide/plugins/com.st.stm32cube.ide.mcu.externaltools.gnu-tools-for-stm32.7-2018-q2-update.win32_1.5.0.202011040924/tools/bin/../lib/gcc/arm-none-eabi/7.3.1/../../../../arm-none-eabi/lib/thumb/v6-m\libc_nano.a(lib_a-init.o)
                0x0000000008001ec0                __libc_init_array
 .text.memset   0x0000000008001f08       0x10 c:/st/stm32cubeide_1.5.0/stm32cubeide/plugins/com.st.stm32cube.ide.mcu.externaltools.gnu-tools-for-stm32.7-2018-q2-update.win32_1.5.0.202011040924/tools/bin/../lib/gcc/arm-none-eabi/7.3.1/../../../../arm-none-eabi/lib/thumb/v6-m\libc_nano.a(lib_a-memset.o)
                0x0000000008001f08                memset
 *(.glue_7)
 .glue_7        0x0000000008001f18        0x0 linker stubs
 *(.glue_7t)
 .glue_7t       0x0000000008001f18        0x0 linker stubs
 *(.eh_frame)
 .eh_frame      0x0000000008001f18        0x0 c:/st/stm32cubeide_1.5.0/stm32cubeide/plugins/com.st.stm32cube.ide.mcu.externaltools.gnu-tools-for-stm32.7-2018-q2-update.win32_1.5.0.202011040924/tools/bin/../lib/gcc/arm-none-eabi/7.3.1/thumb/v6-m/crtbegin.o
 *(.init)
 .init          0x0000000008001f18        0x4 c:/st/stm32cubeide_1.5.0/stm32cubeide/plugins/com.st.stm32cube.ide.mcu.externaltools.gnu-tools-for-stm32.7-2018-q2-update.win32_1.5.0.202011040924/tools/bin/../lib/gcc/arm-none-eabi/7.3.1/thumb/v6-m/crti.o
                0x0000000008001f18                _init
 .init          0x0000000008001f1c        0x8 c:/st/stm32cubeide_1.5.0/stm32cubeide/plugins/com.st.stm32cube.ide.mcu.externaltools.gnu-tools-for-stm32.7-2018-q2-update.win32_1.5.0.202011040924/tools/bin/../lib/gcc/arm-none-eabi/7.3.1/thumb/v6-m/crtn.o
 *(.fini)
 .fini          0x0000000008001f24        0x4 c:/st/stm32cubeide_1.5.0/stm32cubeide/plugins/com.st.stm32cube.ide.mcu.externaltools.gnu-tools-for-stm32.7-2018-q2-update.win32_1.5.0.202011040924/tools/bin/../lib/gcc/arm-none-eabi/7.3.1/thumb/v6-m/crti.o
                0x0000000008001f24                _fini
 .fini          0x0000000008001f28        0x8 c:/st/stm32cubeide_1.5.0/stm32cubeide/plugins/com.st.stm32cube.ide.mcu.externaltools.gnu-tools-for-stm32.7-2018-q2-update.win32_1.5.0.202011040924/tools/bin/../lib/gcc/arm-none-eabi/7.3.1/thumb/v6-m/crtn.o
                0x0000000008001f30                . = ALIGN (0x4)
                0x0000000008001f30                _etext = .

.vfp11_veneer   0x0000000008001f30        0x0
 .vfp11_veneer  0x0000000008001f30        0x0 linker stubs

.v4_bx          0x0000000008001f30        0x0
 .v4_bx         0x0000000008001f30        0x0 linker stubs

.iplt           0x0000000008001f30        0x0
 .iplt          0x0000000008001f30        0x0 c:/st/stm32cubeide_1.5.0/stm32cubeide/plugins/com.st.stm32cube.ide.mcu.externaltools.gnu-tools-for-stm32.7-2018-q2-update.win32_1.5.0.202011040924/tools/bin/../lib/gcc/arm-none-eabi/7.3.1/thumb/v6-m/crtbegin.o

.rodata         0x0000000008001f30       0x1c
                0x0000000008001f30                . = ALIGN (0x4)
 *(.rodata)
 *(.rodata*)
 .rodata.AHBPrescTable
                0x0000000008001f30       0x10 Core/Src/system_stm32l0xx.o
                0x0000000008001f30                AHBPrescTable
 .rodata.PLLMulTable
                0x0000000008001f40        0x9 Core/Src/system_stm32l0xx.o
                0x0000000008001f40                PLLMulTable
                0x0000000008001f4c                . = ALIGN (0x4)
 *fill*         0x0000000008001f49        0x3 

.ARM.extab      0x0000000008001f4c        0x0
                0x0000000008001f4c                . = ALIGN (0x4)
 *(.ARM.extab* .gnu.linkonce.armextab.*)
                0x0000000008001f4c                . = ALIGN (0x4)

.ARM            0x0000000008001f4c        0x8
                0x0000000008001f4c                . = ALIGN (0x4)
                0x0000000008001f4c                __exidx_start = .
 *(.ARM.exidx*)
 .ARM.exidx     0x0000000008001f4c        0x8 c:/st/stm32cubeide_1.5.0/stm32cubeide/plugins/com.st.stm32cube.ide.mcu.externaltools.gnu-tools-for-stm32.7-2018-q2-update.win32_1.5.0.202011040924/tools/bin/../lib/gcc/arm-none-eabi/7.3.1/thumb/v6-m\libgcc.a(_udivmoddi4.o)
                0x0000000008001f54                __exidx_end = .
                0x0000000008001f54                . = ALIGN (0x4)

.rel.dyn        0x0000000008001f54        0x0
 .rel.iplt      0x0000000008001f54        0x0 c:/st/stm32cubeide_1.5.0/stm32cubeide/plugins/com.st.stm32cube.ide.mcu.externaltools.gnu-tools-for-stm32.7-2018-q2-update.win32_1.5.0.202011040924/tools/bin/../lib/gcc/arm-none-eabi/7.3.1/thumb/v6-m/crtbegin.o

.preinit_array  0x0000000008001f54        0x0
                0x0000000008001f54                . = ALIGN (0x4)
                0x0000000008001f54                PROVIDE (__preinit_array_start = .)
 *(.preinit_array*)
                0x0000000008001f54                PROVIDE (__preinit_array_end = .)
                0x0000000008001f54                . = ALIGN (0x4)

.init_array     0x0000000008001f54        0x4
                0x0000000008001f54                . = ALIGN (0x4)
                0x0000000008001f54                PROVIDE (__init_array_start = .)
 *(SORT_BY_NAME(.init_array.*))
 *(.init_array*)
 .init_array    0x0000000008001f54        0x4 c:/st/stm32cubeide_1.5.0/stm32cubeide/plugins/com.st.stm32cube.ide.mcu.externaltools.gnu-tools-for-stm32.7-2018-q2-update.win32_1.5.0.202011040924/tools/bin/../lib/gcc/arm-none-eabi/7.3.1/thumb/v6-m/crtbegin.o
                0x0000000008001f58                PROVIDE (__init_array_end = .)
                0x0000000008001f58                . = ALIGN (0x4)

.fini_array     0x0000000008001f58        0x4
                0x0000000008001f58                . = ALIGN (0x4)
                [!provide]                        PROVIDE (__fini_array_start = .)
 *(SORT_BY_NAME(.fini_array.*))
 *(.fini_array*)
 .fini_array    0x0000000008001f58        0x4 c:/st/stm32cubeide_1.5.0/stm32cubeide/plugins/com.st.stm32cube.ide.mcu.externaltools.gnu-tools-for-stm32.7-2018-q2-update.win32_1.5.0.202011040924/tools/bin/../lib/gcc/arm-none-eabi/7.3.1/thumb/v6-m/crtbegin.o
                [!provide]                        PROVIDE (__fini_array_end = .)
                0x0000000008001f5c                . = ALIGN (0x4)
                0x0000000008001f5c                _sidata = LOADADDR (.data)

.data           0x0000000020000000        0xc load address 0x0000000008001f5c
                0x0000000020000000                . = ALIGN (0x4)
                0x0000000020000000                _sdata = .
 *(.data)
 *(.data*)
 .data.SystemCoreClock
                0x0000000020000000        0x4 Core/Src/system_stm32l0xx.o
                0x0000000020000000                SystemCoreClock
 .data.uwTickPrio
                0x0000000020000004        0x4 Drivers/STM32L0xx_HAL_Driver/Src/stm32l0xx_hal.o
                0x0000000020000004                uwTickPrio
 .data.uwTickFreq
                0x0000000020000008        0x1 Drivers/STM32L0xx_HAL_Driver/Src/stm32l0xx_hal.o
                0x0000000020000008                uwTickFreq
 *(.RamFunc)
 *(.RamFunc*)
                0x000000002000000c                . = ALIGN (0x4)
 *fill*         0x0000000020000009        0x3 
                0x000000002000000c                _edata = .

.igot.plt       0x000000002000000c        0x0 load address 0x0000000008001f68
 .igot.plt      0x000000002000000c        0x0 c:/st/stm32cubeide_1.5.0/stm32cubeide/plugins/com.st.stm32cube.ide.mcu.externaltools.gnu-tools-for-stm32.7-2018-q2-update.win32_1.5.0.202011040924/tools/bin/../lib/gcc/arm-none-eabi/7.3.1/thumb/v6-m/crtbegin.o
                0x000000002000000c                . = ALIGN (0x4)

.bss            0x000000002000000c       0x5c load address 0x0000000008001f68
                0x000000002000000c                _sbss = .
                0x000000002000000c                __bss_start__ = _sbss
 *(.bss)
 .bss           0x000000002000000c       0x1c c:/st/stm32cubeide_1.5.0/stm32cubeide/plugins/com.st.stm32cube.ide.mcu.externaltools.gnu-tools-for-stm32.7-2018-q2-update.win32_1.5.0.202011040924/tools/bin/../lib/gcc/arm-none-eabi/7.3.1/thumb/v6-m/crtbegin.o
 *(.bss*)
 *(COMMON)
 COMMON         0x0000000020000028       0x3c Core/Src/main.o
                0x0000000020000028                S
                0x0000000020000040                hrtc
 COMMON         0x0000000020000064        0x4 Drivers/STM32L0xx_HAL_Driver/Src/stm32l0xx_hal.o
                0x0000000020000064                uwTick
                0x0000000020000068                . = ALIGN (0x4)
                0x0000000020000068                _ebss = .
                0x0000000020000068                __bss_end__ = _ebss

._user_heap_stack
                0x0000000020000068      0x600 load address 0x0000000008001f68
                0x0000000020000068                . = ALIGN (0x8)
                [!provide]                        PROVIDE (end = .)
                0x0000000020000068                PROVIDE (_end = .)
                0x0000000020000268                . = (. + _Min_Heap_Size)
 *fill*         0x0000000020000068      0x200 
                0x0000000020000668                . = (. + _Min_Stack_Size)
 *fill*         0x0000000020000268      0x400 
                0x0000000020000668                . = ALIGN (0x8)

/DISCARD/
 libc.a(*)
 libm.a(*)
 libgcc.a(*)

.ARM.attributes
                0x0000000000000000       0x28
 *(.ARM.attributes)
 .ARM.attributes
                0x0000000000000000       0x1e c:/st/stm32cubeide_1.5.0/stm32cubeide/plugins/com.st.stm32cube.ide.mcu.externaltools.gnu-tools-for-stm32.7-2018-q2-update.win32_1.5.0.202011040924/tools/bin/../lib/gcc/arm-none-eabi/7.3.1/thumb/v6-m/crti.o
 .ARM.attributes
                0x000000000000001e       0x2c c:/st/stm32cubeide_1.5.0/stm32cubeide/plugins/com.st.stm32cube.ide.mcu.externaltools.gnu-tools-for-stm32.7-2018-q2-update.win32_1.5.0.202011040924/tools/bin/../lib/gcc/arm-none-eabi/7.3.1/thumb/v6-m/crtbegin.o
 .ARM.attributes
                0x000000000000004a       0x32 Core/Src/main.o
 .ARM.attributes
                0x000000000000007c       0x32 Core/Src/stm32l0xx_hal_msp.o
 .ARM.attributes
                0x00000000000000ae       0x32 Core/Src/stm32l0xx_it.o
 .ARM.attributes
                0x00000000000000e0       0x32 Core/Src/system_stm32l0xx.o
 .ARM.attributes
                0x0000000000000112       0x22 Core/Startup/startup_stm32l071cbtx.o
 .ARM.attributes
                0x0000000000000134       0x32 Drivers/STM32L0xx_HAL_Driver/Src/stm32l0xx_hal.o
 .ARM.attributes
                0x0000000000000166       0x32 Drivers/STM32L0xx_HAL_Driver/Src/stm32l0xx_hal_cortex.o
 .ARM.attributes
                0x0000000000000198       0x32 Drivers/STM32L0xx_HAL_Driver/Src/stm32l0xx_hal_gpio.o
 .ARM.attributes
                0x00000000000001ca       0x32 Drivers/STM32L0xx_HAL_Driver/Src/stm32l0xx_hal_pwr.o
 .ARM.attributes
                0x00000000000001fc       0x32 Drivers/STM32L0xx_HAL_Driver/Src/stm32l0xx_hal_rcc.o
 .ARM.attributes
                0x000000000000022e       0x32 Drivers/STM32L0xx_HAL_Driver/Src/stm32l0xx_hal_rcc_ex.o
 .ARM.attributes
                0x0000000000000260       0x32 Drivers/STM32L0xx_HAL_Driver/Src/stm32l0xx_hal_rtc.o
 .ARM.attributes
                0x0000000000000292       0x32 Drivers/STM32L0xx_HAL_Driver/Src/stm32l0xx_hal_rtc_ex.o
 .ARM.attributes
                0x00000000000002c4       0x2c c:/st/stm32cubeide_1.5.0/stm32cubeide/plugins/com.st.stm32cube.ide.mcu.externaltools.gnu-tools-for-stm32.7-2018-q2-update.win32_1.5.0.202011040924/tools/bin/../lib/gcc/arm-none-eabi/7.3.1/../../../../arm-none-eabi/lib/thumb/v6-m\libc_nano.a(lib_a-init.o)
 .ARM.attributes
                0x00000000000002f0       0x2c c:/st/stm32cubeide_1.5.0/stm32cubeide/plugins/com.st.stm32cube.ide.mcu.externaltools.gnu-tools-for-stm32.7-2018-q2-update.win32_1.5.0.202011040924/tools/bin/../lib/gcc/arm-none-eabi/7.3.1/../../../../arm-none-eabi/lib/thumb/v6-m\libc_nano.a(lib_a-memset.o)
 .ARM.attributes
                0x000000000000031c       0x1e c:/st/stm32cubeide_1.5.0/stm32cubeide/plugins/com.st.stm32cube.ide.mcu.externaltools.gnu-tools-for-stm32.7-2018-q2-update.win32_1.5.0.202011040924/tools/bin/../lib/gcc/arm-none-eabi/7.3.1/thumb/v6-m\libgcc.a(_udivsi3.o)
 .ARM.attributes
                0x000000000000033a       0x1e c:/st/stm32cubeide_1.5.0/stm32cubeide/plugins/com.st.stm32cube.ide.mcu.externaltools.gnu-tools-for-stm32.7-2018-q2-update.win32_1.5.0.202011040924/tools/bin/../lib/gcc/arm-none-eabi/7.3.1/thumb/v6-m\libgcc.a(_dvmd_tls.o)
 .ARM.attributes
                0x0000000000000358       0x1e c:/st/stm32cubeide_1.5.0/stm32cubeide/plugins/com.st.stm32cube.ide.mcu.externaltools.gnu-tools-for-stm32.7-2018-q2-update.win32_1.5.0.202011040924/tools/bin/../lib/gcc/arm-none-eabi/7.3.1/thumb/v6-m\libgcc.a(_aeabi_uldivmod.o)
 .ARM.attributes
                0x0000000000000376       0x2c c:/st/stm32cubeide_1.5.0/stm32cubeide/plugins/com.st.stm32cube.ide.mcu.externaltools.gnu-tools-for-stm32.7-2018-q2-update.win32_1.5.0.202011040924/tools/bin/../lib/gcc/arm-none-eabi/7.3.1/thumb/v6-m\libgcc.a(_muldi3.o)
 .ARM.attributes
                0x00000000000003a2       0x2c c:/st/stm32cubeide_1.5.0/stm32cubeide/plugins/com.st.stm32cube.ide.mcu.externaltools.gnu-tools-for-stm32.7-2018-q2-update.win32_1.5.0.202011040924/tools/bin/../lib/gcc/arm-none-eabi/7.3.1/thumb/v6-m\libgcc.a(_udivmoddi4.o)
 .ARM.attributes
                0x00000000000003ce       0x1e c:/st/stm32cubeide_1.5.0/stm32cubeide/plugins/com.st.stm32cube.ide.mcu.externaltools.gnu-tools-for-stm32.7-2018-q2-update.win32_1.5.0.202011040924/tools/bin/../lib/gcc/arm-none-eabi/7.3.1/thumb/v6-m\libgcc.a(_clzsi2.o)
 .ARM.attributes
                0x00000000000003ec       0x1e c:/st/stm32cubeide_1.5.0/stm32cubeide/plugins/com.st.stm32cube.ide.mcu.externaltools.gnu-tools-for-stm32.7-2018-q2-update.win32_1.5.0.202011040924/tools/bin/../lib/gcc/arm-none-eabi/7.3.1/thumb/v6-m\libgcc.a(_clzdi2.o)
 .ARM.attributes
                0x000000000000040a       0x1e c:/st/stm32cubeide_1.5.0/stm32cubeide/plugins/com.st.stm32cube.ide.mcu.externaltools.gnu-tools-for-stm32.7-2018-q2-update.win32_1.5.0.202011040924/tools/bin/../lib/gcc/arm-none-eabi/7.3.1/thumb/v6-m/crtn.o
OUTPUT(BayesianEstimator.elf elf32-littlearm)

.debug_info     0x0000000000000000     0x64be
 .debug_info    0x0000000000000000     0x121d Core/Src/main.o
 .debug_info    0x000000000000121d      0x67f Core/Src/stm32l0xx_hal_msp.o
 .debug_info    0x000000000000189c      0x1c2 Core/Src/stm32l0xx_it.o
 .debug_info    0x0000000000001a5e      0x334 Core/Src/system_stm32l0xx.o
 .debug_info    0x0000000000001d92       0x22 Core/Startup/startup_stm32l071cbtx.o
 .debug_info    0x0000000000001db4      0x89c Drivers/STM32L0xx_HAL_Driver/Src/stm32l0xx_hal.o
 .debug_info    0x0000000000002650      0x923 Drivers/STM32L0xx_HAL_Driver/Src/stm32l0xx_hal_cortex.o
 .debug_info    0x0000000000002f73      0x71b Drivers/STM32L0xx_HAL_Driver/Src/stm32l0xx_hal_gpio.o
 .debug_info    0x000000000000368e      0x697 Drivers/STM32L0xx_HAL_Driver/Src/stm32l0xx_hal_pwr.o
 .debug_info    0x0000000000003d25      0x953 Drivers/STM32L0xx_HAL_Driver/Src/stm32l0xx_hal_rcc.o
 .debug_info    0x0000000000004678      0x530 Drivers/STM32L0xx_HAL_Driver/Src/stm32l0xx_hal_rcc_ex.o
 .debug_info    0x0000000000004ba8      0xaec Drivers/STM32L0xx_HAL_Driver/Src/stm32l0xx_hal_rtc.o
 .debug_info    0x0000000000005694      0xe2a Drivers/STM32L0xx_HAL_Driver/Src/stm32l0xx_hal_rtc_ex.o

.debug_abbrev   0x0000000000000000     0x15f4
 .debug_abbrev  0x0000000000000000      0x2ec Core/Src/main.o
 .debug_abbrev  0x00000000000002ec      0x175 Core/Src/stm32l0xx_hal_msp.o
 .debug_abbrev  0x0000000000000461       0xc6 Core/Src/stm32l0xx_it.o
 .debug_abbrev  0x0000000000000527      0x12b Core/Src/system_stm32l0xx.o
 .debug_abbrev  0x0000000000000652       0x12 Core/Startup/startup_stm32l071cbtx.o
 .debug_abbrev  0x0000000000000664      0x235 Drivers/STM32L0xx_HAL_Driver/Src/stm32l0xx_hal.o
 .debug_abbrev  0x0000000000000899      0x27c Drivers/STM32L0xx_HAL_Driver/Src/stm32l0xx_hal_cortex.o
 .debug_abbrev  0x0000000000000b15      0x1c0 Drivers/STM32L0xx_HAL_Driver/Src/stm32l0xx_hal_gpio.o
 .debug_abbrev  0x0000000000000cd5      0x18b Drivers/STM32L0xx_HAL_Driver/Src/stm32l0xx_hal_pwr.o
 .debug_abbrev  0x0000000000000e60      0x21a Drivers/STM32L0xx_HAL_Driver/Src/stm32l0xx_hal_rcc.o
 .debug_abbrev  0x000000000000107a      0x1c7 Drivers/STM32L0xx_HAL_Driver/Src/stm32l0xx_hal_rcc_ex.o
 .debug_abbrev  0x0000000000001241      0x1c4 Drivers/STM32L0xx_HAL_Driver/Src/stm32l0xx_hal_rtc.o
 .debug_abbrev  0x0000000000001405      0x1ef Drivers/STM32L0xx_HAL_Driver/Src/stm32l0xx_hal_rtc_ex.o

.debug_aranges  0x0000000000000000      0x6b8
 .debug_aranges
                0x0000000000000000       0x58 Core/Src/main.o
 .debug_aranges
                0x0000000000000058       0x30 Core/Src/stm32l0xx_hal_msp.o
 .debug_aranges
                0x0000000000000088       0x40 Core/Src/stm32l0xx_it.o
 .debug_aranges
                0x00000000000000c8       0x28 Core/Src/system_stm32l0xx.o
 .debug_aranges
                0x00000000000000f0       0x28 Core/Startup/startup_stm32l071cbtx.o
 .debug_aranges
                0x0000000000000118      0x110 Drivers/STM32L0xx_HAL_Driver/Src/stm32l0xx_hal.o
 .debug_aranges
                0x0000000000000228       0xd8 Drivers/STM32L0xx_HAL_Driver/Src/stm32l0xx_hal_cortex.o
 .debug_aranges
                0x0000000000000300       0x58 Drivers/STM32L0xx_HAL_Driver/Src/stm32l0xx_hal_gpio.o
 .debug_aranges
                0x0000000000000358       0xa0 Drivers/STM32L0xx_HAL_Driver/Src/stm32l0xx_hal_pwr.o
 .debug_aranges
                0x00000000000003f8       0x80 Drivers/STM32L0xx_HAL_Driver/Src/stm32l0xx_hal_rcc.o
 .debug_aranges
                0x0000000000000478       0x58 Drivers/STM32L0xx_HAL_Driver/Src/stm32l0xx_hal_rcc_ex.o
 .debug_aranges
                0x00000000000004d0       0xb8 Drivers/STM32L0xx_HAL_Driver/Src/stm32l0xx_hal_rtc.o
 .debug_aranges
                0x0000000000000588      0x130 Drivers/STM32L0xx_HAL_Driver/Src/stm32l0xx_hal_rtc_ex.o

.debug_ranges   0x0000000000000000      0x5f0
 .debug_ranges  0x0000000000000000       0x48 Core/Src/main.o
 .debug_ranges  0x0000000000000048       0x20 Core/Src/stm32l0xx_hal_msp.o
 .debug_ranges  0x0000000000000068       0x30 Core/Src/stm32l0xx_it.o
 .debug_ranges  0x0000000000000098       0x18 Core/Src/system_stm32l0xx.o
 .debug_ranges  0x00000000000000b0       0x20 Core/Startup/startup_stm32l071cbtx.o
 .debug_ranges  0x00000000000000d0      0x100 Drivers/STM32L0xx_HAL_Driver/Src/stm32l0xx_hal.o
 .debug_ranges  0x00000000000001d0       0xc8 Drivers/STM32L0xx_HAL_Driver/Src/stm32l0xx_hal_cortex.o
 .debug_ranges  0x0000000000000298       0x48 Drivers/STM32L0xx_HAL_Driver/Src/stm32l0xx_hal_gpio.o
 .debug_ranges  0x00000000000002e0       0x90 Drivers/STM32L0xx_HAL_Driver/Src/stm32l0xx_hal_pwr.o
 .debug_ranges  0x0000000000000370       0x70 Drivers/STM32L0xx_HAL_Driver/Src/stm32l0xx_hal_rcc.o
 .debug_ranges  0x00000000000003e0       0x48 Drivers/STM32L0xx_HAL_Driver/Src/stm32l0xx_hal_rcc_ex.o
 .debug_ranges  0x0000000000000428       0xa8 Drivers/STM32L0xx_HAL_Driver/Src/stm32l0xx_hal_rtc.o
 .debug_ranges  0x00000000000004d0      0x120 Drivers/STM32L0xx_HAL_Driver/Src/stm32l0xx_hal_rtc_ex.o

.debug_macro    0x0000000000000000    0x12bf0
 .debug_macro   0x0000000000000000      0x3b8 Core/Src/main.o
 .debug_macro   0x00000000000003b8      0xa48 Core/Src/main.o
 .debug_macro   0x0000000000000e00      0x11f Core/Src/main.o
 .debug_macro   0x0000000000000f1f       0x2e Core/Src/main.o
 .debug_macro   0x0000000000000f4d       0x28 Core/Src/main.o
 .debug_macro   0x0000000000000f75       0x22 Core/Src/main.o
 .debug_macro   0x0000000000000f97       0x8e Core/Src/main.o
 .debug_macro   0x0000000000001025       0x51 Core/Src/main.o
 .debug_macro   0x0000000000001076       0xef Core/Src/main.o
 .debug_macro   0x0000000000001165       0x6a Core/Src/main.o
 .debug_macro   0x00000000000011cf      0x1df Core/Src/main.o
 .debug_macro   0x00000000000013ae       0x1c Core/Src/main.o
 .debug_macro   0x00000000000013ca       0x22 Core/Src/main.o
 .debug_macro   0x00000000000013ec       0xb5 Core/Src/main.o
 .debug_macro   0x00000000000014a1      0x4da Core/Src/main.o
 .debug_macro   0x000000000000197b      0x11f Core/Src/main.o
 .debug_macro   0x0000000000001a9a     0x8734 Core/Src/main.o
 .debug_macro   0x000000000000a1ce       0x3c Core/Src/main.o
 .debug_macro   0x000000000000a20a     0x352b Core/Src/main.o
 .debug_macro   0x000000000000d735      0x174 Core/Src/main.o
 .debug_macro   0x000000000000d8a9       0x5b Core/Src/main.o
 .debug_macro   0x000000000000d904      0x8b5 Core/Src/main.o
 .debug_macro   0x000000000000e1b9      0x807 Core/Src/main.o
 .debug_macro   0x000000000000e9c0      0x197 Core/Src/main.o
 .debug_macro   0x000000000000eb57      0x13f Core/Src/main.o
 .debug_macro   0x000000000000ec96      0x1b5 Core/Src/main.o
 .debug_macro   0x000000000000ee4b      0x28e Core/Src/main.o
 .debug_macro   0x000000000000f0d9      0x1e9 Core/Src/main.o
 .debug_macro   0x000000000000f2c2      0x13e Core/Src/main.o
 .debug_macro   0x000000000000f400      0x4b5 Core/Src/main.o
 .debug_macro   0x000000000000f8b5      0x22c Core/Src/main.o
 .debug_macro   0x000000000000fae1       0x5b Core/Src/main.o
 .debug_macro   0x000000000000fb3c       0xa5 Core/Src/main.o
 .debug_macro   0x000000000000fbe1      0x18d Core/Src/main.o
 .debug_macro   0x000000000000fd6e       0x16 Core/Src/main.o
 .debug_macro   0x000000000000fd84      0x30c Core/Src/main.o
 .debug_macro   0x0000000000010090      0x418 Core/Src/main.o
 .debug_macro   0x00000000000104a8       0xdd Core/Src/main.o
 .debug_macro   0x0000000000010585      0x170 Core/Src/main.o
 .debug_macro   0x00000000000106f5       0x46 Core/Src/main.o
 .debug_macro   0x000000000001073b       0x18 Core/Src/main.o
 .debug_macro   0x0000000000010753       0x3c Core/Src/main.o
 .debug_macro   0x000000000001078f       0x34 Core/Src/main.o
 .debug_macro   0x00000000000107c3       0x16 Core/Src/main.o
 .debug_macro   0x00000000000107d9       0x35 Core/Src/main.o
 .debug_macro   0x000000000001080e      0x32a Core/Src/main.o
 .debug_macro   0x0000000000010b38       0x10 Core/Src/main.o
 .debug_macro   0x0000000000010b48       0x52 Core/Src/main.o
 .debug_macro   0x0000000000010b9a       0x1f Core/Src/main.o
 .debug_macro   0x0000000000010bb9       0x43 Core/Src/main.o
 .debug_macro   0x0000000000010bfc       0x20 Core/Src/main.o
 .debug_macro   0x0000000000010c1c      0x1a3 Core/Src/main.o
 .debug_macro   0x0000000000010dbf       0x10 Core/Src/main.o
 .debug_macro   0x0000000000010dcf       0x1c Core/Src/main.o
 .debug_macro   0x0000000000010deb       0x52 Core/Src/main.o
 .debug_macro   0x0000000000010e3d       0x40 Core/Src/main.o
 .debug_macro   0x0000000000010e7d       0x10 Core/Src/main.o
 .debug_macro   0x0000000000010e8d       0x40 Core/Src/main.o
 .debug_macro   0x0000000000010ecd       0xd7 Core/Src/main.o
 .debug_macro   0x0000000000010fa4       0x1c Core/Src/main.o
 .debug_macro   0x0000000000010fc0       0x3d Core/Src/main.o
 .debug_macro   0x0000000000010ffd       0x16 Core/Src/main.o
 .debug_macro   0x0000000000011013      0x145 Core/Src/main.o
 .debug_macro   0x0000000000011158       0x16 Core/Src/main.o
 .debug_macro   0x000000000001116e       0x20 Core/Src/main.o
 .debug_macro   0x000000000001118e      0x1e1 Core/Src/main.o
 .debug_macro   0x000000000001136f      0x201 Core/Src/main.o
 .debug_macro   0x0000000000011570       0x2b Core/Src/main.o
 .debug_macro   0x000000000001159b      0x118 Core/Src/main.o
 .debug_macro   0x00000000000116b3      0x170 Core/Src/main.o
 .debug_macro   0x0000000000011823      0x1c4 Core/Src/stm32l0xx_hal_msp.o
 .debug_macro   0x00000000000119e7      0x1ce Core/Src/stm32l0xx_it.o
 .debug_macro   0x0000000000011bb5      0x1ba Core/Src/system_stm32l0xx.o
 .debug_macro   0x0000000000011d6f      0x1de Drivers/STM32L0xx_HAL_Driver/Src/stm32l0xx_hal.o
 .debug_macro   0x0000000000011f4d      0x1ba Drivers/STM32L0xx_HAL_Driver/Src/stm32l0xx_hal_cortex.o
 .debug_macro   0x0000000000012107      0x1f2 Drivers/STM32L0xx_HAL_Driver/Src/stm32l0xx_hal_gpio.o
 .debug_macro   0x00000000000122f9      0x1d2 Drivers/STM32L0xx_HAL_Driver/Src/stm32l0xx_hal_pwr.o
 .debug_macro   0x00000000000124cb      0x1f0 Drivers/STM32L0xx_HAL_Driver/Src/stm32l0xx_hal_rcc.o
 .debug_macro   0x00000000000126bb      0x1ba Drivers/STM32L0xx_HAL_Driver/Src/stm32l0xx_hal_rcc_ex.o
 .debug_macro   0x0000000000012875      0x1bb Drivers/STM32L0xx_HAL_Driver/Src/stm32l0xx_hal_rtc.o
 .debug_macro   0x0000000000012a30      0x1c0 Drivers/STM32L0xx_HAL_Driver/Src/stm32l0xx_hal_rtc_ex.o

.debug_line     0x0000000000000000     0x6d0c
 .debug_line    0x0000000000000000      0xad2 Core/Src/main.o
 .debug_line    0x0000000000000ad2      0x6ed Core/Src/stm32l0xx_hal_msp.o
 .debug_line    0x00000000000011bf      0x71c Core/Src/stm32l0xx_it.o
 .debug_line    0x00000000000018db      0x6eb Core/Src/system_stm32l0xx.o
 .debug_line    0x0000000000001fc6       0x89 Core/Startup/startup_stm32l071cbtx.o
 .debug_line    0x000000000000204f      0x90f Drivers/STM32L0xx_HAL_Driver/Src/stm32l0xx_hal.o
 .debug_line    0x000000000000295e      0x909 Drivers/STM32L0xx_HAL_Driver/Src/stm32l0xx_hal_cortex.o
 .debug_line    0x0000000000003267      0x866 Drivers/STM32L0xx_HAL_Driver/Src/stm32l0xx_hal_gpio.o
 .debug_line    0x0000000000003acd      0x843 Drivers/STM32L0xx_HAL_Driver/Src/stm32l0xx_hal_pwr.o
 .debug_line    0x0000000000004310      0x97f Drivers/STM32L0xx_HAL_Driver/Src/stm32l0xx_hal_rcc.o
 .debug_line    0x0000000000004c8f      0x8ad Drivers/STM32L0xx_HAL_Driver/Src/stm32l0xx_hal_rcc_ex.o
 .debug_line    0x000000000000553c      0xa62 Drivers/STM32L0xx_HAL_Driver/Src/stm32l0xx_hal_rtc.o
 .debug_line    0x0000000000005f9e      0xd6e Drivers/STM32L0xx_HAL_Driver/Src/stm32l0xx_hal_rtc_ex.o

.debug_str      0x0000000000000000    0x73553
 .debug_str     0x0000000000000000    0x7187c Core/Src/main.o
                                      0x71d6c (size before relaxing)
 .debug_str     0x000000000007187c       0xb6 Core/Src/stm32l0xx_hal_msp.o
                                      0x6bdd8 (size before relaxing)
 .debug_str     0x0000000000071932       0x76 Core/Src/stm32l0xx_it.o
                                      0x6bb42 (size before relaxing)
 .debug_str     0x00000000000719a8       0x61 Core/Src/system_stm32l0xx.o
                                      0x6bbbb (size before relaxing)
 .debug_str     0x0000000000071a09       0x36 Core/Startup/startup_stm32l071cbtx.o
                                         0x7d (size before relaxing)
 .debug_str     0x0000000000071a3f      0x57f Drivers/STM32L0xx_HAL_Driver/Src/stm32l0xx_hal.o
                                      0x6c24c (size before relaxing)
 .debug_str     0x0000000000071fbe      0x2f0 Drivers/STM32L0xx_HAL_Driver/Src/stm32l0xx_hal_cortex.o
                                      0x6c051 (size before relaxing)
 .debug_str     0x00000000000722ae      0x21e Drivers/STM32L0xx_HAL_Driver/Src/stm32l0xx_hal_gpio.o
                                      0x6be60 (size before relaxing)
 .debug_str     0x00000000000724cc      0x277 Drivers/STM32L0xx_HAL_Driver/Src/stm32l0xx_hal_pwr.o
                                      0x6be7e (size before relaxing)
 .debug_str     0x0000000000072743      0x2dd Drivers/STM32L0xx_HAL_Driver/Src/stm32l0xx_hal_rcc.o
                                      0x6c09a (size before relaxing)
 .debug_str     0x0000000000072a20      0x13a Drivers/STM32L0xx_HAL_Driver/Src/stm32l0xx_hal_rcc_ex.o
                                      0x6bde6 (size before relaxing)
 .debug_str     0x0000000000072b5a      0x2a6 Drivers/STM32L0xx_HAL_Driver/Src/stm32l0xx_hal_rtc.o
                                      0x6bfca (size before relaxing)
 .debug_str     0x0000000000072e00      0x753 Drivers/STM32L0xx_HAL_Driver/Src/stm32l0xx_hal_rtc_ex.o
                                      0x6c4fe (size before relaxing)

.comment        0x0000000000000000       0x7b
 .comment       0x0000000000000000       0x7b Core/Src/main.o
                                         0x7c (size before relaxing)
 .comment       0x000000000000007b       0x7c Core/Src/stm32l0xx_hal_msp.o
 .comment       0x000000000000007b       0x7c Core/Src/stm32l0xx_it.o
 .comment       0x000000000000007b       0x7c Core/Src/system_stm32l0xx.o
 .comment       0x000000000000007b       0x7c Drivers/STM32L0xx_HAL_Driver/Src/stm32l0xx_hal.o
 .comment       0x000000000000007b       0x7c Drivers/STM32L0xx_HAL_Driver/Src/stm32l0xx_hal_cortex.o
 .comment       0x000000000000007b       0x7c Drivers/STM32L0xx_HAL_Driver/Src/stm32l0xx_hal_gpio.o
 .comment       0x000000000000007b       0x7c Drivers/STM32L0xx_HAL_Driver/Src/stm32l0xx_hal_pwr.o
 .comment       0x000000000000007b       0x7c Drivers/STM32L0xx_HAL_Driver/Src/stm32l0xx_hal_rcc.o
 .comment       0x000000000000007b       0x7c Drivers/STM32L0xx_HAL_Driver/Src/stm32l0xx_hal_rcc_ex.o
 .comment       0x000000000000007b       0x7c Drivers/STM32L0xx_HAL_Driver/Src/stm32l0xx_hal_rtc.o
 .comment       0x000000000000007b       0x7c Drivers/STM32L0xx_HAL_Driver/Src/stm32l0xx_hal_rtc_ex.o

.debug_frame    0x0000000000000000     0x1678
 .debug_frame   0x0000000000000000      0x104 Core/Src/main.o
 .debug_frame   0x0000000000000104       0x6c Core/Src/stm32l0xx_hal_msp.o
 .debug_frame   0x0000000000000170       0x9c Core/Src/stm32l0xx_it.o
 .debug_frame   0x000000000000020c       0x4c Core/Src/system_stm32l0xx.o
 .debug_frame   0x0000000000000258      0x394 Drivers/STM32L0xx_HAL_Driver/Src/stm32l0xx_hal.o
 .debug_frame   0x00000000000005ec      0x2fc Drivers/STM32L0xx_HAL_Driver/Src/stm32l0xx_hal_cortex.o
 .debug_frame   0x00000000000008e8      0x110 Drivers/STM32L0xx_HAL_Driver/Src/stm32l0xx_hal_gpio.o
 .debug_frame   0x00000000000009f8      0x200 Drivers/STM32L0xx_HAL_Driver/Src/stm32l0xx_hal_pwr.o
 .debug_frame   0x0000000000000bf8      0x1a8 Drivers/STM32L0xx_HAL_Driver/Src/stm32l0xx_hal_rcc.o
 .debug_frame   0x0000000000000da0       0xfc Drivers/STM32L0xx_HAL_Driver/Src/stm32l0xx_hal_rcc_ex.o
 .debug_frame   0x0000000000000e9c      0x290 Drivers/STM32L0xx_HAL_Driver/Src/stm32l0xx_hal_rtc.o
 .debug_frame   0x000000000000112c      0x470 Drivers/STM32L0xx_HAL_Driver/Src/stm32l0xx_hal_rtc_ex.o
 .debug_frame   0x000000000000159c       0x2c c:/st/stm32cubeide_1.5.0/stm32cubeide/plugins/com.st.stm32cube.ide.mcu.externaltools.gnu-tools-for-stm32.7-2018-q2-update.win32_1.5.0.202011040924/tools/bin/../lib/gcc/arm-none-eabi/7.3.1/../../../../arm-none-eabi/lib/thumb/v6-m\libc_nano.a(lib_a-init.o)
 .debug_frame   0x00000000000015c8       0x20 c:/st/stm32cubeide_1.5.0/stm32cubeide/plugins/com.st.stm32cube.ide.mcu.externaltools.gnu-tools-for-stm32.7-2018-q2-update.win32_1.5.0.202011040924/tools/bin/../lib/gcc/arm-none-eabi/7.3.1/../../../../arm-none-eabi/lib/thumb/v6-m\libc_nano.a(lib_a-memset.o)
 .debug_frame   0x00000000000015e8       0x20 c:/st/stm32cubeide_1.5.0/stm32cubeide/plugins/com.st.stm32cube.ide.mcu.externaltools.gnu-tools-for-stm32.7-2018-q2-update.win32_1.5.0.202011040924/tools/bin/../lib/gcc/arm-none-eabi/7.3.1/thumb/v6-m\libgcc.a(_udivsi3.o)
 .debug_frame   0x0000000000001608       0x34 c:/st/stm32cubeide_1.5.0/stm32cubeide/plugins/com.st.stm32cube.ide.mcu.externaltools.gnu-tools-for-stm32.7-2018-q2-update.win32_1.5.0.202011040924/tools/bin/../lib/gcc/arm-none-eabi/7.3.1/thumb/v6-m\libgcc.a(_muldi3.o)
 .debug_frame   0x000000000000163c       0x3c c:/st/stm32cubeide_1.5.0/stm32cubeide/plugins/com.st.stm32cube.ide.mcu.externaltools.gnu-tools-for-stm32.7-2018-q2-update.win32_1.5.0.202011040924/tools/bin/../lib/gcc/arm-none-eabi/7.3.1/thumb/v6-m\libgcc.a(_udivmoddi4.o)
